../Drivers/CMSIS/Include/core_cm4.h:1684:22:__NVIC_EnableIRQ	16	static,ignoring_inline_asm
../Drivers/CMSIS/Include/core_cm4.h:1814:22:__NVIC_SetPriority	16	static
../Core/Src/main.c:58:6:timerInit	4	static
../Core/Src/main.c:66:6:delay	16	static
../Core/Src/main.c:78:6:TIM2_IRQHandler	8	static
../Core/Src/main.c:93:5:main	8	static
../Core/Src/main.c:154:6:SystemClock_Config	88	static
../Core/Src/main.c:193:13:MX_GPIO_Init	32	static
../Core/Src/main.c:223:6:Error_Handler	4	static,ignoring_inline_asm
