../Core/Src/main.c:63:6:UARTInit	4	static
../Core/Src/main.c:79:6:UARTTransmit	16	static
../Core/Src/main.c:89:9:UARTReceive	4	static
../Core/Src/main.c:98:6:ADCInit	4	static
../Core/Src/main.c:119:10:ADCRead	4	static
../Core/Src/main.c:129:6:timerInit	4	static
../Core/Src/main.c:158:6:setDuty	16	static
../Core/Src/main.c:168:5:main	8	static
../Core/Src/main.c:237:6:SystemClock_Config	88	static
../Core/Src/main.c:276:13:MX_GPIO_Init	32	static
../Core/Src/main.c:306:6:Error_Handler	4	static,ignoring_inline_asm
